---
source: tui/src/update_prompt.rs
assertion_line: 307
expression: rendered
---

  Update available · 0.159.3-custom → 9.9.9
  Release notes: https://github.com/SeventyfourSam/codex/releases/latest

› 1. Update now (runs `codex update`)
  2. Skip
  3. Skip until next version

  enter continue · esc skip
