---
source: tui/src/history_cell/tests.rs
assertion_line: 1376
expression: rendered
---
╭─────────────────────────────────────────────────────────╮
│ ✨ Update available! 0.159.0-custom.1 -> 9.9.9          │
│ Run codex update to update.                             │
│                                                         │
│ See full release notes:                                 │
│ https://github.com/SeventyfourSam/codex/releases/latest │
╰─────────────────────────────────────────────────────────╯
