---
source: tui/src/history_cell/tests.rs
assertion_line: 1385
expression: rendered
---
╭─────────────────────────────────────────────────────────╮
│ ✨ Update available! 0.159.3-custom -> 9.9.9            │
│ Run codex update to update.                             │
│                                                         │
│ See full release notes:                                 │
│ https://github.com/SeventyfourSam/codex/releases/latest │
╰─────────────────────────────────────────────────────────╯
